ERROR:root:ERROR MESSAGE
ERROR:root:ERROR MESSAGE
